// Jest Snapshot v1, https://goo.gl/fbAQLP

exports[`checkbox matches snapshot 1`] = `
<span
  className="sc-bdvvtL iouZXA"
>
  <div
    className="sc-gsDKAQ cbHYgg"
  >
    <label
      className="sc-gKclnd fJlSuz"
    >
      <input
        checked={true}
        className="sc-eCImPb eOLIum"
        onChange={[Function]}
        type="checkbox"
        value="test"
      />
      <div
        checked={true}
        className="sc-jRQBWg ibdlLv"
      />
      <span
        className="sc-hKwDye kYCoRV"
      >
        Label text
      </span>
    </label>
  </div>
</span>
`;
