// Jest Snapshot v1, https://goo.gl/fbAQLP

exports[`input matches snapshot 1`] = `
<span
  className="sc-bdvvtL iouZXA"
>
  <div
    className="sc-dkPtRN khGQdv"
  >
    <div
      className="sc-jRQBWg dVkVox"
    >
      <span
        className="sc-bdvvtL iouZXA"
      >
        <input
          className="sc-gKclnd iOwrBT"
          id="00000000-0000-0000-0000-000000000000"
          name="00000000-0000-0000-0000-000000000000"
          onChange={[Function]}
          size={40}
          type="text"
          value="Value"
        />
      </span>
    </div>
  </div>
</span>
`;
