// Jest Snapshot v1, https://goo.gl/fbAQLP

exports[`input matches snapshot 1`] = `
<div
  className="sc-gtsrHT jYcUgd"
>
  <label
    className="sc-dlnjwi dbGmPU"
    htmlFor="00000000-0000-0000-0000-000000000000"
  />
  <div
    className="sc-eCApnc eRkmYH"
  >
    <input
      className="sc-jSFjdj ghvDJB"
      id="00000000-0000-0000-0000-000000000000"
      name="00000000-0000-0000-0000-000000000000"
      onChange={[Function]}
      type="text"
      value="Value"
    />
  </div>
</div>
`;
