// Jest Snapshot v1, https://goo.gl/fbAQLP

exports[`input matches snapshot 1`] = `
<div
  className="sc-dkPtRN gjmJjE"
>
  <label
    className="sc-hKwDye bvTKXl"
    htmlFor="00000000-0000-0000-0000-000000000000"
  />
  <div
    className="sc-jRQBWg ga-DbSV"
  >
    <input
      className="sc-gKclnd kTzlZk"
      id="00000000-0000-0000-0000-000000000000"
      name="00000000-0000-0000-0000-000000000000"
      onChange={[Function]}
      type="text"
      value="Value"
    />
  </div>
</div>
`;
