// Jest Snapshot v1, https://goo.gl/fbAQLP

exports[`input matches snapshot 1`] = `
<div
  className="sc-dlfnuX cNwhLM"
>
  <label
    className="sc-hKgJUU htAymp"
    htmlFor="00000000-0000-0000-0000-000000000000"
  />
  <div
    className="sc-jSgvzq hCQqnB"
  >
    <input
      className="sc-gKseQn lhUbZS"
      id="00000000-0000-0000-0000-000000000000"
      name="00000000-0000-0000-0000-000000000000"
      onChange={[Function]}
      type="text"
      value="Value"
    />
  </div>
</div>
`;
