// Jest Snapshot v1, https://goo.gl/fbAQLP

exports[`Tooltip matches snapshot 1`] = `
<div
  className="sc-dlnjwi bVqWlg"
  style={
    Object {
      "--color": "dodgerblue",
    }
  }
>
  <div
    className="sc-gtsrHT fvwFPV"
    open={true}
  >
    <p
      className="sc-bdnxRM eWcsub"
    >
      <button
        type="button"
      >
        Test
      </button>
    </p>
  </div>
</div>
`;
