// Jest Snapshot v1, https://goo.gl/fbAQLP

exports[`Tooltip matches snapshot 1`] = `
Array [
  <a
    id="testId"
    onClick={[Function]}
  >
    Click here to toggle it!
  </a>,
  <span
    className="sc-bdfBQB hbDYzD"
  >
    <div
      className="sc-hKgJUU bTWTmT"
      style={
        Object {
          "--color": "dodgerblue",
        }
      }
    >
      <div
        className="sc-dlfnuX eKyIZR"
        open={true}
      >
        <p
          className="sc-gsTEea dirViS"
        >
          <button
            type="button"
          >
            Test
          </button>
        </p>
      </div>
    </div>
  </span>,
]
`;
