// Jest Snapshot v1, https://goo.gl/fbAQLP

exports[`input renders correctly 1`] = `
<div
  className="sc-gtsrHT hjasEJ"
>
  <label
    className="sc-dlnjwi fJROuk"
    htmlFor="00000000-0000-0000-0000-000000000000"
  />
  <div
    className="sc-eCApnc cahtOv"
  >
    <input
      className="sc-jSFjdj jYnsMH"
      id="00000000-0000-0000-0000-000000000000"
      name="00000000-0000-0000-0000-000000000000"
      onChange={[Function]}
      size={48}
      type="text"
      value="Value"
    />
  </div>
</div>
`;
