// Jest Snapshot v1, https://goo.gl/fbAQLP

exports[`molecule loading matches snapshot 1`] = `
<span
  className="sc-bczRLJ hROJNc"
>
  <div
    className="sc-dkzDqf fCbHaF"
    data-testid="undefined"
    size="Medium"
  >
    <div
      className="sc-hKMtZM kPwEPU spinning Pending"
      size="24px"
    >
      <svg
        data-testid="undefined-pending-icon"
        fill="none"
        viewBox="0 0 48 48"
        xmlns="http://www.w3.org/2000/svg"
      >
        <path
          clipRule="evenodd"
          d="M24 0C37.2548 0 48 10.7452 48 24C48 37.2548 37.2548 48 24 48C10.7452 48 0 37.2548 0 24C0 10.7452 10.7452 0 24 0ZM24 5C13.5066 5 5 13.5066 5 24C5 34.4934 13.5066 43 24 43C34.4934 43 43 34.4934 43 24C43 13.5066 34.4934 5 24 5Z"
          fill="#212833"
          fillOpacity="0.1"
          fillRule="evenodd"
        />
        <mask
          id="mask0_1664_614"
          maskUnits="userSpaceOnUse"
          style={
            Object {
              "maskType": "alpha",
            }
          }
          x="0"
          y="0"
        >
          <path
            clipRule="evenodd"
            d="M24 0C37.2548 0 48 10.7452 48 24C48 37.2548 37.2548 48 24 48C10.7452 48 0 37.2548 0 24C0 10.7452 10.7452 0 24 0ZM24 5C13.5066 5 5 13.5066 5 24C5 34.4934 13.5066 43 24 43C34.4934 43 43 34.4934 43 24C43 13.5066 34.4934 5 24 5Z"
            fill="white"
            fillRule="evenodd"
          />
        </mask>
        <g
          mask="url(#mask0_1664_614)"
        >
          <rect
            fill="rgb(33, 40, 51)"
            height="24"
            width="24"
            x="24"
          />
        </g>
      </svg>
    </div>
    <span
      className="sc-bczRLJ hROJNc"
    >
      <p
        className="sc-gsnTZi bTqzPh"
        color="60"
        data-testid="undefined-label"
      >
        Loading...
      </p>
    </span>
  </div>
</span>
`;
