// Jest Snapshot v1, https://goo.gl/fbAQLP

exports[`molecule loading matches snapshot 1`] = `
<div
  className="sc-dkPtRN dAZxbL"
>
  <div
    className="sc-hKwDye ejyGmF"
    size="24"
  >
    <svg
      className="sc-gsDKAQ kyUyaQ spinning Pending"
      color="digital-black"
      data-testid="svg-component"
      size="24px"
      version="1.1"
      viewBox="0 0 24 24"
      xmlns="http://www.w3.org/2000/svg"
      xmlnsXlink="http://www.w3.org/1999/xlink"
    >
      <g
        fillRule="evenodd"
      >
        <path
          d="M0 0h24v24H0z"
          fill="none"
        />
        <path
          d="M12 2C6.477 2 2 6.477 2 12s4.477 10 10 10 10-4.477 10-10S17.523 2 12 2zm0 2a8 8 0 110 16 8 8 0 010-16z"
          fill="#ffffff"
        />
        <path
          d="M12 2c5.43 0 9.848 4.327 9.996 9.72L22 12h-2a8 8 0 00-7.75-7.996L12 4z"
        />
      </g>
    </svg>
  </div>
  Loading...
</div>
`;
