// Jest Snapshot v1, https://goo.gl/fbAQLP

exports[`alertInline matches snapshot 1`] = `
<div
  className="sc-kDDrLX sc-iqcoie klQtIm fmCTLE"
>
  <div
    className="sc-crXcEl sc-evZas lcuFxT cieHDJ"
    color="notification-strong"
    data-testid="inline-alert-container"
    size="medium"
  >
    <div
      className="sc-fnykZs iQJZjt"
      data-testid="inline-alert-content"
    >
      <div
        className="sc-breuTD"
        data-alert-label-container={true}
      >
        <span
          className="sc-bczRLJ hROJNc"
        >
          <p
            className="sc-jqUVSM kCAFTy"
            color="white"
          >
            Hello, Im the In Line Alert! Play with me.
          </p>
        </span>
      </div>
    </div>
  </div>
</div>
`;
