// Jest Snapshot v1, https://goo.gl/fbAQLP

exports[`button matches snapshot 1`] = `
<span
  className="sc-bczRLJ hROJNc"
>
  <button
    className="sc-gKXOVf sc-iBkjds foJVnI bnLSHM"
    disabled={true}
    fontSize="16px"
    onClick={[MockFunction]}
    tabIndex={-1}
    type="button"
  >
    <div
      className="text-container "
    >
      Submit
    </div>
  </button>
</span>
`;
