// Jest Snapshot v1, https://goo.gl/fbAQLP

exports[`molecule pagination matches snapshot 1`] = `
<div
  className="sc-kDDrLX jJWuNp"
>
  <span
    className="sc-bczRLJ hROJNc"
  >
    <ul>
      <li>
        <span
          className="sc-bczRLJ hROJNc"
        >
          <button
            className="sc-jSMfEi sc-ftvSup kXxjEf ffHOdq"
            disabled={true}
            fontSize="16px"
            onClick={[Function]}
            onKeyUp={[Function]}
            tabIndex={-1}
            type="button"
          >
            <div
              className="text-container "
            >
              <svg
                className="sc-gsnTZi iOMLMs"
                color="white"
                data-testid="svg-component"
                size="24px"
                version="1.1"
                viewBox="0 0 40 40"
                xmlns="http://www.w3.org/2000/svg"
                xmlnsXlink="http://www.w3.org/1999/xlink"
              >
                <g
                  fillRule="evenodd"
                >
                  <path
                    d="M0 0h24v24H0z"
                    fill="none"
                  />
                  <path
                    d="M10.414 12l5.293-5.293a1 1 0 00-1.414-1.414l-6 6a1 1 0 000 1.414l6 6a1 1 0 101.414-1.414z"
                  />
                </g>
              </svg>
            </div>
          </button>
        </span>
      </li>
      <li>
        <span
          className="sc-bczRLJ hROJNc"
        >
          <button
            className="sc-jSMfEi sc-ftvSup kkfLpk ffHOdq active"
            fontSize="16px"
            onClick={[Function]}
            onKeyUp={[Function]}
            tabIndex={0}
            type="button"
          >
            <div
              className="text-container "
            >
              1
            </div>
          </button>
        </span>
      </li>
      <li>
        <span
          className="sc-bczRLJ hROJNc"
        >
          <button
            className="sc-jSMfEi sc-ftvSup kkfLpk ffHOdq"
            fontSize="16px"
            onClick={[Function]}
            onKeyUp={[Function]}
            tabIndex={0}
            type="button"
          >
            <div
              className="text-container "
            >
              2
            </div>
          </button>
        </span>
      </li>
      <li>
        <span
          className="sc-bczRLJ hROJNc"
        >
          <button
            className="sc-jSMfEi sc-ftvSup kkfLpk ffHOdq"
            fontSize="16px"
            onClick={[Function]}
            onKeyUp={[Function]}
            tabIndex={0}
            type="button"
          >
            <div
              className="text-container "
            >
              3
            </div>
          </button>
        </span>
      </li>
      <li>
        <span
          className="sc-bczRLJ hROJNc"
        >
          <button
            className="sc-jSMfEi sc-ftvSup kkfLpk ffHOdq"
            fontSize="16px"
            onClick={[Function]}
            onKeyUp={[Function]}
            tabIndex={0}
            type="button"
          >
            <div
              className="text-container "
            >
              4
            </div>
          </button>
        </span>
      </li>
      <li>
        <span
          className="sc-bczRLJ hROJNc"
        >
          <button
            className="sc-jSMfEi sc-ftvSup kkfLpk ffHOdq"
            fontSize="16px"
            onClick={[Function]}
            onKeyUp={[Function]}
            tabIndex={0}
            type="button"
          >
            <div
              className="text-container "
            >
              5
            </div>
          </button>
        </span>
      </li>
      <li
        tabIndex={-1}
      >
        <div
          className="sc-iqcoie lcUdKR"
        >
          …
        </div>
      </li>
      <li>
        <span
          className="sc-bczRLJ hROJNc"
        >
          <button
            className="sc-jSMfEi sc-ftvSup kkfLpk ffHOdq"
            fontSize="16px"
            onClick={[Function]}
            onKeyUp={[Function]}
            tabIndex={0}
            type="button"
          >
            <div
              className="text-container "
            >
              10
            </div>
          </button>
        </span>
      </li>
      <li>
        <span
          className="sc-bczRLJ hROJNc"
        >
          <button
            className="sc-jSMfEi sc-ftvSup kXxjEf ffHOdq"
            disabled={false}
            fontSize="16px"
            onClick={[Function]}
            onKeyUp={[Function]}
            tabIndex={0}
            type="button"
          >
            <div
              className="text-container "
            >
              <svg
                className="sc-gsnTZi iOMLMs"
                color="white"
                data-testid="svg-component"
                size="24px"
                version="1.1"
                viewBox="0 0 40 40"
                xmlns="http://www.w3.org/2000/svg"
                xmlnsXlink="http://www.w3.org/1999/xlink"
              >
                <g
                  fillRule="evenodd"
                >
                  <path
                    d="M0 0h24v24H0z"
                    fill="none"
                  />
                  <path
                    d="M13.586 12l-5.293 5.293a1 1 0 001.414 1.414L16.414 12 9.707 5.293a1 1 0 00-1.414 1.414z"
                  />
                </g>
              </svg>
            </div>
          </button>
        </span>
      </li>
    </ul>
  </span>
</div>
`;
