// Jest Snapshot v1, https://goo.gl/fbAQLP

exports[`textarea matches snapshot 1`] = `
<span
  className="sc-bdvvtL bWTUHG"
>
  <div
    className="sc-gsDKAQ IhRIv"
  >
    <label
      className="sc-dkPtRN LDOZH"
      htmlFor="00000000-0000-0000-0000-000000000000"
    >
      Label text
    </label>
    <div
      className="sc-gKclnd dvYTVD"
    >
      <textarea
        className="sc-jRQBWg exRojm"
        id="00000000-0000-0000-0000-000000000000"
        name="00000000-0000-0000-0000-000000000000"
        onChange={[Function]}
        value="Value"
      />
      <div
        className="sc-furwcr eZoIgo"
        data-testid="TextAreaCounter"
      >
        0
      </div>
    </div>
  </div>
</span>
`;
