// Jest Snapshot v1, https://goo.gl/fbAQLP

exports[`textarea matches snapshot 1`] = `
<span
  className="sc-bczRLJ hROJNc"
>
  <div
    className="sc-gsnTZi cZoVPz"
  >
    <label
      className="sc-dkzDqf bjGBmQ"
      disabled={false}
      htmlFor="00000000-0000-0000-0000-000000000000"
    >
      Label text
    </label>
    <div
      className="sc-gKXOVf fvQHfU"
      disabled={false}
      readOnly={false}
    >
      <textarea
        className="sc-jSMfEi kKmsFB"
        disabled={false}
        id="00000000-0000-0000-0000-000000000000"
        name="00000000-0000-0000-0000-000000000000"
        onChange={[Function]}
        readOnly={false}
        value="Value"
      />
      <div
        className="sc-ftvSup fndImf"
        data-testid="TextAreaCounter"
        disabled={false}
      >
        0
      </div>
    </div>
  </div>
</span>
`;
