// Jest Snapshot v1, https://goo.gl/fbAQLP

exports[`pill matches snapshot 1`] = `
<span
  className="sc-bdfBQB hbDYzD"
>
  <div
    className="sc-dlfnuX cNwhLM"
  >
    <div
      className="sc-hKgJUU ixjwbN"
    >
      <div
        className="sc-gsTEea jDHeRY"
      />
      <span
        className="sc-eCstlR bGZnQM"
      >
        30
        %
      </span>
    </div>
    <span
      className="sc-jSgvzq jpENRW"
    >
      Test text
    </span>
  </div>
</span>
`;
