// Jest Snapshot v1, https://goo.gl/fbAQLP

exports[`progressBar matches snapshot 1`] = `
<span
  className="sc-bczRLJ hROJNc"
>
  <div
    className="sc-dkzDqf iljPaL"
  >
    <div
      className="sc-hKMtZM hBbZGS"
    >
      <div
        className="sc-gsnTZi fOnBrM"
      />
      <span
        className="sc-eCYdqJ cClzUE"
      >
        30
        %
      </span>
    </div>
    <span
      className="sc-jSMfEi JyUeP"
    >
      Test text
    </span>
  </div>
</span>
`;
