// Jest Snapshot v1, https://goo.gl/fbAQLP

exports[`progressBar matches snapshot 1`] = `
<span
  className="sc-bdvvtL bWTUHG"
>
  <div
    className="sc-dkPtRN gjmJjE"
  >
    <div
      className="sc-hKwDye grShSB"
    >
      <div
        className="sc-gsDKAQ bELlbw"
      />
      <span
        className="sc-eCImPb hbjloO"
      >
        30
        %
      </span>
    </div>
    <span
      className="sc-jRQBWg fpFEWA"
    >
      Test text
    </span>
  </div>
</span>
`;
