// Jest Snapshot v1, https://goo.gl/fbAQLP

exports[`radio matches snapshot 1`] = `
<span
  className="sc-bdvvtL iouZXA"
>
  <div
    className="sc-eCImPb cgYwop"
  >
    <input
      checked={true}
      className="sc-gsDKAQ kbuuGX"
      id="test"
      name="radio"
      onChange={[Function]}
      type="radio"
      value="test"
    />
    <label
      className="sc-dkPtRN ljICfl"
      htmlFor="test"
    >
      Label text
    </label>
  </div>
</span>
`;
