// Jest Snapshot v1, https://goo.gl/fbAQLP

exports[`overlay matches snapshot 1`] = `
<span
  className="sc-bdfBQB dGZTMR"
>
  <label
    className="sc-gsTEea dkDQKI"
  >
    <span
      className="label__text"
    >
      Test label
    </span>
    <input
      type="text"
    />
  </label>
</span>
`;