// Jest Snapshot v1, https://goo.gl/fbAQLP

exports[`does molecule modal match snapshot? matches snapshot 1`] = `
Array [
  <div
    className="sc-kDDrLX cxbmWb"
  />,
  <div
    className="sc-iqcoie icYzvN"
  >
    <div
      className="sc-crXcEl kMIvft"
      size="Medium"
    >
      <div
        className="sc-evZas kAxUXz"
        onClick={[Function]}
      >
        <svg
          className="sc-gsnTZi ivMBgY"
          color="digital-black"
          data-testid="svg-component"
          size="24px"
          version="1.1"
          viewBox="0 0 40 40"
          xmlns="http://www.w3.org/2000/svg"
          xmlnsXlink="http://www.w3.org/1999/xlink"
        >
          <g
            fillRule="evenodd"
          >
            <path
              d="M0 0h24v24H0z"
              fill="none"
            />
            <path
              d="M6.249 4.846l.094.083L12 10.585l5.657-5.656a1 1 0 011.497 1.32l-.083.094L13.415 12l5.656 5.657a1 1 0 01-1.32 1.497l-.094-.083L12 13.415l-5.657 5.656a1 1 0 01-1.497-1.32l.083-.094L10.585 12 4.929 6.343a1 1 0 011.32-1.497z"
            />
          </g>
        </svg>
      </div>
      <div
        className="sc-breuTD irOBpF"
      >
        <span
          className="sc-bczRLJ hROJNc"
        >
          <h1
            className="sc-jqUVSM fkSHeC"
            color="digital-black"
          >
            Headline
          </h1>
        </span>
      </div>
      <div
        className="sc-ksZaOG fVkfGD"
      >
        <p>
          Paragraph block to support main headline(optional) And…it can have 2 lines, more than that is just boring…
        </p>
      </div>
      <div
        className="sc-hAZoDl cYsulU"
      >
        <div
          className="sc-fnykZs jJYqjP"
        >
          <span
            className="sc-bczRLJ hROJNc"
          >
            <button
              className="sc-jSMfEi sc-iBkjds dCcUHP hlHhcU"
              fontSize="16px"
              onClick={[Function]}
              tabIndex={-1}
              type="button"
            >
              <div
                className="text-container "
              >
                Cancel
              </div>
            </button>
          </span>
        </div>
        <div
          className="sc-fnykZs jJYqjP"
        >
          <span
            className="sc-bczRLJ hROJNc"
          >
            <button
              className="sc-jSMfEi sc-gKXOVf dCcUHP fcGpoe"
              fontSize="16px"
              onClick={[Function]}
              tabIndex={-1}
              type="button"
            >
              <div
                className="text-container "
              >
                Confirm
              </div>
            </button>
          </span>
        </div>
      </div>
    </div>
  </div>,
]
`;
